1.100000000000000089e+00
2.200000000000000178e+00
3.299999999999999822e+00
